#-----------------------------------------------------------
# Vivado v2024.2 (64-bit)
# SW Build 5239630 on Fri Nov 08 22:35:27 MST 2024
# IP Build 5239520 on Sun Nov 10 16:12:51 MST 2024
# SharedData Build 5239561 on Fri Nov 08 14:39:27 MST 2024
# Start of session at: Sun Jan 19 17:47:33 2025
# Process ID         : 20312
# Current directory  : D:/Vivado/S6847/S6847.runs/impl_1
# Command line       : vivado.exe -log vdg.vdi -applog -product Vivado -messageDb vivado.pb -mode batch -source vdg.tcl -notrace
# Log file           : D:/Vivado/S6847/S6847.runs/impl_1/vdg.vdi
# Journal file       : D:/Vivado/S6847/S6847.runs/impl_1\vivado.jou
# Running On         : Omega
# Platform           : Windows Server 2016 or Windows 10
# Operating System   : 26100
# Processor Detail   : AMD Ryzen 7 2700X Eight-Core Processor         
# CPU Frequency      : 3993 MHz
# CPU Physical cores : 8
# CPU Logical cores  : 16
# Host memory        : 68639 MB
# Swap memory        : 4294 MB
# Total Virtual      : 72934 MB
# Available Virtual  : 51439 MB
#-----------------------------------------------------------
source vdg.tcl -notrace
